npw start minikube

PS C:\Users\ABHILASH REDDY\projects\kubernetes-demo> minikube start
ğŸ˜„  minikube v1.37.0 on Microsoft Windows 11 Home Single Language 10.0.26220.7271 Build 26220.7271
âœ¨  Automatically selected the docker driver
ğŸ“Œ  Using Docker Desktop driver with root privileges
ğŸ‘  Starting "minikube" primary control-plane node in "minikube" cluster
ğŸšœ  Pulling base image v0.0.48 ...
ğŸ’¾  Downloading Kubernetes v1.34.0 preload ...
    > preloaded-images-k8s-v18-v1...:  337.07 MiB / 337.07 MiB  100.00% 2.20 Mi
    > gcr.io/k8s-minikube/kicbase...:  488.52 MiB / 488.52 MiB  100.00% 2.64 Mi
ğŸ”¥  Creating docker container (CPUs=2, Memory=3072MB) ... 
â—  Failing to connect to https://registry.k8s.io/ from inside the minikube container
ğŸ’¡  To pull new external images, you may need to configure a proxy: https://minikube.sigs.k8s.io/docs/reference/networking/proxy/
ğŸ³  Preparing Kubernetes v1.34.0 on Docker 28.4.0 ... 
ğŸ”—  Configuring bridge CNI (Container Networking Interface) ...
ğŸ”  Verifying Kubernetes components...
    â–ª Using image gcr.io/k8s-minikube/storage-provisioner:v5
ğŸŒŸ  Enabled addons: storage-provisioner, default-storageclass
ğŸ’¡  kubectl not found. If you need it, try: 'minikube kubectl -- get pods -A'
ğŸ„  Done! kubectl is now configured to use "minikube" cluster and "default" namespace by default


run 
PS C:\Users\ABHILASH REDDY\projects\kubernetes-demo> kubectl get nodes
NAME       STATUS   ROLES           AGE    VERSION
minikube   Ready    control-plane   100s   v1.34.0

to see cluster Running do
PS C:\Users\ABHILASH REDDY\projects\kubernetes-demo> kubectl cluster-info
Kubernetes control plane is running at https://127.0.0.1:61644
CoreDNS is running at https://127.0.0.1:61644/api/v1/namespaces/kube-system/services/kube-dns:dns/proxy

To further debug and diagnose cluster problems, use 'kubectl cluster-info dump'.

if we run kubectl directly without running minikube we don't see anything because minicube is a tool sets up a local k8s cluster on a laptop


do this to deploy k8s files

PS C:\Users\ABHILASH REDDY\projects\kubernetes-demo> kubectl apply -f k8s/
deployment.apps/kubernetes-demo-api created
service/kubernetes-demo-api-service unchanged
PS C:\Users\ABHILASH REDDY\projects\kubernetes-demo> kubectl apply -f k8s/
deployment.apps/kubernetes-demo-api unchanged
service/kubernetes-demo-api-service unchanged

PS C:\Users\ABHILASH REDDY\projects\kubernetes-demo> kubectl get pods -w
NAME                                   READY   STATUS    RESTARTS   AGE
kubernetes-demo-api-79bd9cfcb5-fj8fr   1/1     Running   0          2m48s
kubernetes-demo-api-79bd9cfcb5-tks8k   1/1     Running   0          2m48s
PS C:\Users\ABHILASH REDDY\projects\kubernetes-demo> kubectl get services
NAME                          TYPE        CLUSTER-IP      EXTERNAL-IP   PORT(S)          AGE
kubernetes                    ClusterIP   10.96.0.1       <none>        443/TCP          13m
kubernetes-demo-api-service   NodePort    10.103.212.65   <none>        3000:30624/TCP   4m20s

PS C:\Users\ABHILASH REDDY\projects\kubernetes-demo> kubectl get services
NAME                          TYPE        CLUSTER-IP      EXTERNAL-IP   PORT(S)          AGE
kubernetes                    ClusterIP   10.96.0.1       <none>        443/TCP          16m
kubernetes-demo-api-service   NodePort    10.103.212.65   <none>        3000:30624/TCP   7m24s
PS C:\Users\ABHILASH REDDY\projects\kubernetes-demo> minikube service kubernetes-demo-api-service
â”Œâ”€â”€â”€â”€â”€â”€â”€â”€â”€â”€â”€â”¬â”€â”€â”€â”€â”€â”€â”€â”€â”€â”€â”€â”€â”€â”€â”€â”€â”€â”€â”€â”€â”€â”€â”€â”€â”€â”€â”€â”€â”€â”¬â”€â”€â”€â”€â”€â”€â”€â”€â”€â”€â”€â”€â”€â”¬â”€â”€â”€â”€â”€â”€â”€â”€â”€â”€â”€â”€â”€â”€â”€â”€â”€â”€â”€â”€â”€â”€â”€â”€â”€â”€â”€â”
â”‚ NAMESPACE â”‚            NAME             â”‚ TARGET PORT â”‚            URL            â”‚
â”œâ”€â”€â”€â”€â”€â”€â”€â”€â”€â”€â”€â”¼â”€â”€â”€â”€â”€â”€â”€â”€â”€â”€â”€â”€â”€â”€â”€â”€â”€â”€â”€â”€â”€â”€â”€â”€â”€â”€â”€â”€â”€â”¼â”€â”€â”€â”€â”€â”€â”€â”€â”€â”€â”€â”€â”€â”¼â”€â”€â”€â”€â”€â”€â”€â”€â”€â”€â”€â”€â”€â”€â”€â”€â”€â”€â”€â”€â”€â”€â”€â”€â”€â”€â”€â”¤
â”‚ default   â”‚ kubernetes-demo-api-service â”‚ 3000        â”‚ http://192.168.49.2:30624 â”‚
â””â”€â”€â”€â”€â”€â”€â”€â”€â”€â”€â”€â”´â”€â”€â”€â”€â”€â”€â”€â”€â”€â”€â”€â”€â”€â”€â”€â”€â”€â”€â”€â”€â”€â”€â”€â”€â”€â”€â”€â”€â”€â”´â”€â”€â”€â”€â”€â”€â”€â”€â”€â”€â”€â”€â”€â”´â”€â”€â”€â”€â”€â”€â”€â”€â”€â”€â”€â”€â”€â”€â”€â”€â”€â”€â”€â”€â”€â”€â”€â”€â”€â”€â”€â”˜
ğŸƒ  Starting tunnel for service kubernetes-demo-api-service./â”Œâ”€â”€â”€â”€â”€â”€â”€â”€â”€â”€â”€â”¬â”€â”€â”€â”€â”€â”€â”€â”€â”€â”€â”€â”€â”€â”€â”€â”€â”€â”€â”€â”€â”€â”€â”€â”€â”€â”€â”€â”€â”€â”¬â”€â”€â”€â”€â”€â”€â”€â”€â”€â”€â”€â”€â”€â”¬â”€â”€â”€â”€â”€â”€â”€â”€â”€â”€â”€â”€â”€â”€â”€â”€â”€â”€â”€â”€â”€â”€â”€â”€â”
â”‚ NAMESPACE â”‚            NAME             â”‚ TARGET PORT â”‚          URL           â”‚
â”œâ”€â”€â”€â”€â”€â”€â”€â”€â”€â”€â”€â”¼â”€â”€â”€â”€â”€â”€â”€â”€â”€â”€â”€â”€â”€â”€â”€â”€â”€â”€â”€â”€â”€â”€â”€â”€â”€â”€â”€â”€â”€â”¼â”€â”€â”€â”€â”€â”€â”€â”€â”€â”€â”€â”€â”€â”¼â”€â”€â”€â”€â”€â”€â”€â”€â”€â”€â”€â”€â”€â”€â”€â”€â”€â”€â”€â”€â”€â”€â”€â”€â”¤
â”‚ default   â”‚ kubernetes-demo-api-service â”‚             â”‚ http://127.0.0.1:53060 â”‚
â””â”€â”€â”€â”€â”€â”€â”€â”€â”€â”€â”€â”´â”€â”€â”€â”€â”€â”€â”€â”€â”€â”€â”€â”€â”€â”€â”€â”€â”€â”€â”€â”€â”€â”€â”€â”€â”€â”€â”€â”€â”€â”´â”€â”€â”€â”€â”€â”€â”€â”€â”€â”€â”€â”€â”€â”´â”€â”€â”€â”€â”€â”€â”€â”€â”€â”€â”€â”€â”€â”€â”€â”€â”€â”€â”€â”€â”€â”€â”€â”€â”˜
ğŸƒ  Starting tunnel for service kubernetes-demo-api-service. 
ğŸ‰  Opening service default/kubernetes-demo-api-service in default browser...
â—  Because you are using a Docker driver on windows, the terminal needs to be open to run it.

